<html>
<body>
<pre>
<h1>µVision Build Log</h1>
<h2>Project:</h2>
E:\v25ce7v2\weather monitoring system_spi\defines.uvproj
Project File Date:  08/13/2026

<h2>Output:</h2>
Build target 'Target 1'
assembling Startup.s...
compiling gsm.c...
compiling main.c...
compiling mcp3204.c...
compiling spi.c...
compiling uart.c...
linking...
Program Size: Code=6752 RO-data=32 RW-data=16 ZI-data=1256  
FromELF: creating hex file...
"defines.axf" - 0 Error(s), 0 Warning(s).
Build target 'Target 1'
assembling Startup.s...
compiling gsm.c...
compiling main.c...
compiling mcp3204.c...
compiling spi.c...
compiling uart.c...
linking...
Program Size: Code=6764 RO-data=32 RW-data=16 ZI-data=1256  
FromELF: creating hex file...
"defines.axf" - 0 Error(s), 0 Warning(s).
Build target 'Target 1'
assembling Startup.s...
compiling gsm.c...
compiling main.c...
main.c(93): error:  #20: identifier "soil_percent" is undefined
main.c:                 soil_percent=((3.3-soil_v)/3.3)*100.0;
main.c:                 ^
main.c: main.c: 0 warnings, 1 error
compiling mcp3204.c...
compiling spi.c...
compiling uart.c...
Target not created
Build target 'Target 1'
assembling Startup.s...
compiling gsm.c...
compiling main.c...
main.c(48): warning:  #550-D: variable "soil_percent" was set but never used
main.c:         f32 temperature, soil_percent;
main.c:                          ^
main.c: main.c: 1 warning, 0 errors
compiling mcp3204.c...
compiling spi.c...
compiling uart.c...
linking...
Program Size: Code=6768 RO-data=32 RW-data=16 ZI-data=1256  
FromELF: creating hex file...
"defines.axf" - 0 Error(s), 1 Warning(s).
Build target 'Target 1'
assembling Startup.s...
compiling gsm.c...
compiling main.c...
main.c(48): warning:  #550-D: variable "soil_percent" was set but never used
main.c:         f32 temperature, soil_percent;
main.c:                          ^
main.c: main.c: 1 warning, 0 errors
compiling mcp3204.c...
compiling spi.c...
compiling uart.c...
linking...
Program Size: Code=6768 RO-data=32 RW-data=16 ZI-data=1256  
FromELF: creating hex file...
"defines.axf" - 0 Error(s), 1 Warning(s).
Build target 'Target 1'
assembling Startup.s...
compiling gsm.c...
compiling main.c...
main.c(48): warning:  #550-D: variable "soil_percent" was set but never used
main.c:         f32 temperature, soil_percent;
main.c:                          ^
main.c: main.c: 1 warning, 0 errors
compiling mcp3204.c...
compiling spi.c...
compiling uart.c...
linking...
Program Size: Code=6768 RO-data=32 RW-data=16 ZI-data=1256  
FromELF: creating hex file...
"defines.axf" - 0 Error(s), 1 Warning(s).
Build target 'Target 1'
assembling Startup.s...
compiling gsm.c...
compiling main.c...
main.c(48): warning:  #550-D: variable "soil_percent" was set but never used
main.c:         f32 temperature, soil_percent;
main.c:                          ^
main.c: main.c: 1 warning, 0 errors
compiling mcp3204.c...
compiling spi.c...
compiling uart.c...
linking...
Program Size: Code=6760 RO-data=32 RW-data=16 ZI-data=1256  
FromELF: creating hex file...
"defines.axf" - 0 Error(s), 1 Warning(s).
Build target 'Target 1'
assembling Startup.s...
compiling gsm.c...
compiling main.c...
compiling mcp3204.c...
compiling spi.c...
compiling uart.c...
linking...
Program Size: Code=7780 RO-data=32 RW-data=16 ZI-data=1256  
FromELF: creating hex file...
"defines.axf" - 0 Error(s), 0 Warning(s).
Build target 'Target 1'
assembling Startup.s...
compiling gsm.c...
compiling main.c...
main.c(86): warning:  #167-D: argument of type "char *" is incompatible with parameter of type "U8 *"
main.c:                 str(ir_detected ? "DETECTED" : "CLEAR");
main.c:                     ^
main.c(125): warning:  #167-D: argument of type "char *" is incompatible with parameter of type "u8 *"
main.c:                         p = append_str(p, ir_detected ? "DETECTED" : "CLEAR");
main.c:                                           ^
main.c: main.c: 2 warnings, 0 errors
compiling mcp3204.c...
compiling spi.c...
compiling uart.c...
linking...
Program Size: Code=7756 RO-data=32 RW-data=16 ZI-data=1256  
FromELF: creating hex file...
"defines.axf" - 0 Error(s), 2 Warning(s).
Build target 'Target 1'
assembling Startup.s...
compiling gsm.c...
compiling main.c...
main.c(86): warning:  #167-D: argument of type "char *" is incompatible with parameter of type "U8 *"
main.c:                 str(ir_detected ? "DETECTED" : "CLEAR");
main.c:                     ^
main.c(125): warning:  #167-D: argument of type "char *" is incompatible with parameter of type "u8 *"
main.c:                         p = append_str(p, (u8 *)ir_detected ? "DETECTED" : "CLEAR");
main.c:                                           ^
main.c: main.c: 2 warnings, 0 errors
compiling mcp3204.c...
compiling spi.c...
compiling uart.c...
linking...
Program Size: Code=7756 RO-data=32 RW-data=16 ZI-data=1256  
FromELF: creating hex file...
"defines.axf" - 0 Error(s), 2 Warning(s).
Build target 'Target 1'
assembling Startup.s...
compiling gsm.c...
compiling main.c...
main.c(86): warning:  #167-D: argument of type "char *" is incompatible with parameter of type "U8 *"
main.c:                 str((u8)ir_detected ? "DETECTED" : "CLEAR");
main.c:                     ^
main.c(125): warning:  #167-D: argument of type "char *" is incompatible with parameter of type "u8 *"
main.c:                         p = append_str(p, (u8 *)ir_detected ? "DETECTED" : "CLEAR");
main.c:                                           ^
main.c: main.c: 2 warnings, 0 errors
compiling mcp3204.c...
compiling spi.c...
compiling uart.c...
linking...
Program Size: Code=7756 RO-data=32 RW-data=16 ZI-data=1256  
FromELF: creating hex file...
"defines.axf" - 0 Error(s), 2 Warning(s).
Build target 'Target 1'
assembling Startup.s...
compiling gsm.c...
compiling main.c...
main.c(125): warning:  #167-D: argument of type "char *" is incompatible with parameter of type "u8 *"
main.c:                         p = append_str(p, (u8 *)ir_detected ? "DETECTED" : "CLEAR");
main.c:                                           ^
main.c: main.c: 1 warning, 0 errors
compiling mcp3204.c...
compiling spi.c...
compiling uart.c...
linking...
Program Size: Code=7756 RO-data=32 RW-data=16 ZI-data=1256  
FromELF: creating hex file...
"defines.axf" - 0 Error(s), 1 Warning(s).
Build target 'Target 1'
assembling Startup.s...
compiling gsm.c...
compiling main.c...
compiling mcp3204.c...
compiling spi.c...
compiling uart.c...
linking...
Program Size: Code=7756 RO-data=32 RW-data=16 ZI-data=1256  
FromELF: creating hex file...
"defines.axf" - 0 Error(s), 0 Warning(s).
Build target 'Target 1'
assembling Startup.s...
compiling gsm.c...
compiling main.c...
compiling mcp3204.c...
compiling spi.c...
compiling uart.c...
linking...
Program Size: Code=7752 RO-data=32 RW-data=16 ZI-data=1256  
FromELF: creating hex file...
"defines.axf" - 0 Error(s), 0 Warning(s).
Build target 'Target 1'
assembling Startup.s...
compiling gsm.c...
compiling main.c...
compiling mcp3204.c...
compiling spi.c...
compiling uart.c...
linking...
Program Size: Code=7752 RO-data=32 RW-data=16 ZI-data=1256  
FromELF: creating hex file...
"defines.axf" - 0 Error(s), 0 Warning(s).
Build target 'Target 1'
assembling Startup.s...
compiling gsm.c...
compiling main.c...
compiling mcp3204.c...
compiling spi.c...
compiling uart.c...
linking...
Program Size: Code=7752 RO-data=32 RW-data=16 ZI-data=1256  
FromELF: creating hex file...
"defines.axf" - 0 Error(s), 0 Warning(s).
Build target 'Target 1'
assembling Startup.s...
compiling gsm.c...
compiling main.c...
compiling mcp3204.c...
compiling spi.c...
compiling uart.c...
linking...
Program Size: Code=7752 RO-data=32 RW-data=16 ZI-data=1256  
FromELF: creating hex file...
"defines.axf" - 0 Error(s), 0 Warning(s).
Build target 'Target 1'
assembling Startup.s...
compiling gsm.c...
compiling main.c...
main.c(58): warning:  #111-D: statement is unreachable
main.c:         IODIR1 |= BUZZER;
main.c:         ^
main.c: main.c: 1 warning, 0 errors
compiling mcp3204.c...
compiling spi.c...
compiling uart.c...
linking...
Program Size: Code=3608 RO-data=32 RW-data=16 ZI-data=1256  
FromELF: creating hex file...
"defines.axf" - 0 Error(s), 1 Warning(s).
Build target 'Target 1'
assembling Startup.s...
compiling gsm.c...
compiling main.c...
compiling mcp3204.c...
compiling spi.c...
compiling uart.c...
linking...
Program Size: Code=7744 RO-data=32 RW-data=16 ZI-data=1256  
FromELF: creating hex file...
"defines.axf" - 0 Error(s), 0 Warning(s).
Build target 'Target 1'
assembling Startup.s...
compiling gsm.c...
compiling main.c...
compiling mcp3204.c...
compiling spi.c...
compiling uart.c...
linking...
Program Size: Code=7732 RO-data=32 RW-data=16 ZI-data=1256  
FromELF: creating hex file...
"defines.axf" - 0 Error(s), 0 Warning(s).
Build target 'Target 1'
assembling Startup.s...
compiling gsm.c...
compiling main.c...
compiling mcp3204.c...
compiling spi.c...
compiling uart.c...
linking...
Program Size: Code=7732 RO-data=32 RW-data=16 ZI-data=1256  
FromELF: creating hex file...
"defines.axf" - 0 Error(s), 0 Warning(s).
